[2025-12-27 19:43:06] SUCCESS: System temp files
[2025-12-27 19:43:06] SUCCESS: System crash reports
[2025-12-27 19:43:06] SUCCESS: System logs
[2025-12-27 19:43:12] SUCCESS: Browser code signature caches (1 items)
[2025-12-27 19:43:14] SUCCESS: System diagnostic logs
[2025-12-27 19:43:14] SUCCESS: Power logs
[2025-12-30 20:30:53] SUCCESS: System caches
[2025-12-30 20:30:53] SUCCESS: System temp files
[2025-12-30 20:30:53] SUCCESS: System crash reports
[2025-12-30 20:30:53] SUCCESS: System logs
[2025-12-30 20:30:59] SUCCESS: Browser code signature caches (1 items)
[2025-12-30 20:31:01] SUCCESS: System diagnostic logs
[2025-12-30 20:31:01] SUCCESS: Power logs
[2025-12-30 20:31:01] SUCCESS: Memory exception reports
[2025-12-30 20:31:02] SUCCESS: System diagnostic trace logs
[2026-01-09 19:23:01] SUCCESS: System caches
[2026-01-09 19:23:01] SUCCESS: System temp files
[2026-01-09 19:23:01] SUCCESS: System crash reports
[2026-01-09 19:23:01] SUCCESS: System logs
[2026-01-09 19:23:06] SUCCESS: Browser code signature caches (2 items)
[2026-01-09 19:23:18] SUCCESS: System diagnostic logs
[2026-01-09 19:23:18] SUCCESS: Power logs
[2026-01-09 19:23:18] SUCCESS: Memory exception reports
[2026-01-09 19:23:18] SUCCESS: System diagnostic trace logs
